// Jest Snapshot v1, https://goo.gl/fbAQLP

exports[`renders homepage unchanged 1`] = `
<div>
  <main
    class="main"
  >
    <div
      class="description"
    >
      <h1>
        Jank Box
      </h1>
      <a
        href="/collectiondisplay"
        style="text-decoration: none;"
      >
        <button
          class="navButton"
        >
          Collection
           
          <img
            alt="collection icon"
            data-nimg="1"
            decoding="async"
            height="30"
            loading="lazy"
            src="/collection.svg"
            style="color: transparent;"
            width="30"
          />
        </button>
      </a>
      <a
        href="/addcardstocollection"
        style="text-decoration: none;"
      >
        <button
          class="navButton"
        >
          Add Cards To Collection
           
          <img
            alt="add card icon"
            data-nimg="1"
            decoding="async"
            height="30"
            loading="lazy"
            src="/addcard.svg"
            style="color: transparent;"
            width="30"
          />
        </button>
      </a>
    </div>
  </main>
</div>
`;
